a7:a5
h7:h5
a8:a6
h8:h6
a6:d6
h6:f6
Lose:IllegalMove
